symbol::access
symbol::addressOffset
symbol::addressSection
symbol::addressTaken
symbol::age
symbol::arrayIndexTypeId
symbol::backEndBuild
symbol::backEndMajor
symbol::backEndMinor
symbol::baseDataOffset
symbol::baseDataSlot
symbol::baseSymbolId
symbol::baseType
symbol::bitPosition
symbol::builtInKind
symbol::callingConvention
symbol::classParentId
symbol::code
symbol::compilerGenerated
symbol::compilerName
symbol::constructor
symbol::constType
symbol::count
symbol::countLiveRanges
symbol::customCallingConvention
symbol::dataKind
symbol::editAndContinueEnabled
symbol::farReturn
symbol::framePointerPresent
symbol::frontEndBuild
symbol::frontEndMajor
symbol::frontEndMinor
symbol::function
symbol::hasAlloca
symbol::hasAssignmentOperator
symbol::hasCastOperator
symbol::hasDebugInfo
symbol::hasEH
symbol::hasEHa
symbol::hasInlAsm
symbol::hasLongJump
symbol::hasManagedCode
symbol::hasNestedTypes
symbol::hasSecurityChecks
symbol::hasSEH
symbol::hasSetJump
symbol::hfaFloat
symbol::hfaDouble
symbol::indirectVirtualBaseClass
symbol::inlSpec
symbol::interruptReturn
symbol::intrinsic
symbol::intro
symbol::isAcceleratorGroupSharedLocal
symbol::isAcceleratorPointerTagLiveRange
symbol::isAcceleratorStubFunction
symbol::isAggregated
symbol::isCTypes
symbol::isCVTCIL
symbol::isDataAligned
symbol::isHLSLData
symbol::isHotpatchable
symbol::isLTCG
symbol::isMatrixRowMajor
symbol::isMSILNetmodule
symbol::isMultipleInheritance
symbol::isNaked
symbol::isOptimizedAway
symbol::isPointerBasedOnSymbolValue
symbol::isPointerToDataMember
symbol::isPointerToMemberFunction
symbol::isReturnValue
symbol::isSafeBuffers
symbol::isSdl
symbol::isSingleInheritance
symbol::isSplitted
symbol::isStatic
symbol::isStripped
symbol::isVirtualInheritance
symbol::language
symbol::length
symbol::lexicalParentId
symbol::libraryName
symbol::liveRangeLength
symbol::liveRangeStartAddressOffset
symbol::liveRangeStartAddressSection
symbol::liveRangeStartRelativeVirtualAddress
symbol::localBasePointerRegisterId
symbol::locationType
symbol::lowerBoundId
symbol::machineType
symbol::managed
symbol::memorySpaceKind
symbol::msil
symbol::name
symbol::nested
symbol::noInline
symbol::noReturn
symbol::noStackOrdering
symbol::notReached
symbol::numberOfAcceleratorPointerTags
symbol::numberOfColumns
symbol::numberOfModifiers
symbol::numberOfRegisterIndices
symbol::numberOfRows
symbol::objectFileName
symbol::oemId
symbol::oemSymbolId
symbol::offset
symbol::offsetInUdt
symbol::optimizedCodeDebugInfo
symbol::overloadedOperator
symbol::packed
symbol::paramBasePointerRegisterId
symbol::platform
symbol::pure
symbol::rank
symbol::reference
symbol::registerId
symbol::registerType
symbol::relativeVirtualAddress
symbol::restrictedType
symbol::RValueReference
symbol::samplerSlot
symbol::scoped
symbol::sealed
symbol::signature
symbol::sizeInUdt
symbol::slot
symbol::sourceFileName
symbol::stride
symbol::subTypeId
symbol::symbolsFileName
symbol::symIndexId
symbol::symTag
symbol::targetOffset
symbol::targetRelativeVirtualAddress
symbol::targetSection
symbol::targetVirtualAddress
symbol::textureSlot
symbol::thisAdjust
symbol::thunkOrdinal
symbol::timeStamp
symbol::token
symbol::typeId
symbol::uavSlot
symbol::udtKind
symbol::unalignedType
symbol::undecoratedName
symbol::unmodifiedTypeId
symbol::upperBoundId
symbol::virtual
symbol::virtualAddress
symbol::virtualBaseClass
symbol::virtualBaseDispIndex
symbol::virtualBaseOffset
symbol::virtualBasePointerOffset
symbol::virtualTableShapeId
symbol::volatileType
